{'_DEPTH': '.',
 'included_files': ['duplicates.gyp'],
 'targets': [{'configurations': {'A': {'cflags': ['-g'],
                                       'defines': ['SOMETHING']},
                                 'B': {'cflags': ['-g'],
                                       'defines': ['SOMETHING'],
                                       'inherit_from': ['A']}},
              'default_configuration': 'A',
              'sources': ['configurations.c'],
              'target_name': 'configurations',
              'toolset': 'target',
              'type': 'executable'}]}
