{
  "file": "nil-scopes.js",
  "mappings": [],
  "sources": [
    {
      "url": "original_0.js",
      "content": null,
      "ignored": false,
      "scope": null
    },
    {
      "url": "original_1.js",
      "content": null,
      "ignored": false,
      "scope": null
    },
    {
      "url": "original_2.js",
      "content": null,
      "ignored": false,
      "scope": null
    },
    {
      "url": "original_3.js",
      "content": null,
      "ignored": false,
      "scope": null
    }
  ],
  "ranges": []
}