{
  "file": "range-call-site.js",
  "mappings": [],
  "sources": [
    {
      "url": "original_0.js",
      "content": null,
      "ignored": false,
      "scope": {
        "start": {
          "line": 0,
          "column": 0
        },
        "end": {
          "line": 10,
          "column": 0
        },
        "name": null,
        "kind": "global",
        "isStackFrame": false,
        "variables": [],
        "children": [
          {
            "start": {
              "line": 1,
              "column": 0
            },
            "end": {
              "line": 5,
              "column": 0
            },
            "name": "inlineMe",
            "kind": "function",
            "isStackFrame": true,
            "variables": [],
            "children": []
          }
        ]
      }
    }
  ],
  "ranges": [
    {
      "start": {
        "line": 0,
        "column": 0
      },
      "end": {
        "line": 10,
        "column": 0
      },
      "definitionIndex": 0,
      "stackFrameType": "none",
      "callSite": null,
      "bindings": [],
      "children": [
        {
          "start": {
            "line": 1,
            "column": 0
          },
          "end": {
            "line": 1,
            "column": 10
          },
          "definitionIndex": 1,
          "stackFrameType": "none",
          "callSite": {
            "sourceIndex": 0,
            "line": 6,
            "column": 2
          },
          "bindings": [],
          "children": []
        }
      ]
    }
  ]
}